Removed Pin From Net: NetName=GND Pin=J2-1
Removed Pin From Net: NetName=GND Pin=J2-2
Removed Pin From Net: NetName=GND Pin=J2-3
Removed Pin From Net: NetName=GND Pin=J2-5
Removed Pin From Net: NetName=GND Pin=J2-6
Removed Pin From Net: NetName=GND Pin=J2-7
Removed Pin From Net: NetName=GND Pin=J2-8
Removed Pin From Net: NetName=GND Pin=J2-10
Removed Pin From Net: NetName=3V3 Pin=J2-11
Removed Pin From Net: NetName=GND Pin=J2-12
Removed Pin From Net: NetName=CS_ENC Pin=J2-13
Removed Pin From Net: NetName=GPIO11 (SCLK) Pin=J2-14
Removed Pin From Net: NetName=GPIO9 (MISO) Pin=J2-15
Removed Pin From Net: NetName=GPIO10 (MOSI) Pin=J2-16
Removed Pin From Net: NetName=GND Pin=J2-17
Removed Pin From Net: NetName=B Pin=J2-18
Removed Pin From Net: NetName=A Pin=J2-19
Removed Pin From Net: NetName=ENC_N Pin=J2-20
Added Pin To Net: NetName=ENC_N Pin=J2-1
Added Pin To Net: NetName=A Pin=J2-2
Added Pin To Net: NetName=B Pin=J2-3
Added Pin To Net: NetName=GPIO10 (MOSI) Pin=J2-5
Added Pin To Net: NetName=GPIO9 (MISO) Pin=J2-6
Added Pin To Net: NetName=GPIO11 (SCLK) Pin=J2-7
Added Pin To Net: NetName=CS_ENC Pin=J2-8
Added Pin To Net: NetName=3V3 Pin=J2-10
